// Jest Snapshot v1, https://goo.gl/fbAQLP

exports[`CompanyListContainer renders correctly 1`] = `null`;
