// Jest Snapshot v1, https://goo.gl/fbAQLP

exports[`DetailCard renders correctly 1`] = `null`;
